<div class='definition'><pre><span style="color:#660e7a;">Panel</span></pre></div><table class='sections'><tr><td valign='top' class='section'><p>Extends:</td><td valign='top'><p><code><span style="">Ext.Container</span></code> &ndash; Panel is a container that has specific functionality and structural components that make ...</td></table>