AWSTemplateFormatVersion: '2010-09-09'
Resources:
  MyNestedStack:
    Type: AWS::CloudFormation::Stack
    0@<Properties>:
      TemplateURL: https://s3.amazonaws.com/spg-test-bucket/cloudformation/nested.yml?versionId=HqlgDnuntMzkmK0398GPdJRUXMN_PMdn
  RootBucket:
    Type: AWS::S3::Bucket
    Properties:
      LoggingConfiguration:
        DestinationBucketName: !GetAtt MyNestedStack.Outputs.NestedBucket

0: Required resource properties are not set: StackName
