<div class='definition'><pre>$index:&#32;<span style=""></span><span style="color:#000080;">number</span></pre></div>
<div class='content'>
<p>Index of the current row
</div><table class='sections'>
<tr><td valign='top' class='section'><p>Library:</td><td valign='top'><p>@angular/core@17.3.0</td>
</table>