<div class='definition'><pre>AppComponent.newMovieSig: <span style="">()&#32;=&gt;&#32;{</span><br><span style="">&#32;&#32;&#32;&#32;name:&#32;</span><span style="color:#000080;">string</span><span style=""></span><br><span style="">&#32;&#32;&#32;&#32;genre:&#32;</span><span style="color:#000080;">string</span><span style=""></span><br><span style="">&#32;&#32;&#32;&#32;releaseYear:&#32;</span><span style="color:#000080;">number</span><span style=""></span><br><span style="">&#32;&#32;&#32;&#32;upVote:&#32;</span><span style="color:#000080;">number</span><br><span style="">}</span></pre></div><table class='sections'><tr><td valign='top'><icon src='JavaScriptPsiIcons.FileTypes.TypeScriptFile'/>&nbsp;signal.ts</td></table>