<div class='definition'><pre>items: <span style="">{</span><br><span style="">&#32;&#32;&#32;&#32;name:&#32;</span><span style="color:#000080;">string</span><span style=""></span><br><span style="">&#32;&#32;&#32;&#32;pass:&#32;</span><span style="color:#000080;">number</span><br><span style="">}[]</span></pre></div><table class='sections'><tr><td valign='top'><icon src='AllIcons.FileTypes.JavaScript'/>&nbsp;DataPropRefJsDoc.vue</td></table>