<div class='definition'><pre>img</pre></div>
<div class='content'>The <strong><code>&lt;img&gt;</code></strong> <a href="https://developer.mozilla.org/en-us/docs/Web/HTML">HTML</a> element embeds an image into the document.
<p>The above example shows usage of the <code>&lt;img&gt;</code> element:
<ul>
<li>The <code>src</code> attribute is <strong>required</strong>, and contains the path to the image you want to embed.</li>
<li>The <code>alt</code> attribute holds a textual replacement for the image, which is mandatory and <strong>incredibly useful</strong> for accessibility â€” screen readers read the attribute value out to their users so they know what the image means. Alt text is also displayed on the page if the image can't be loaded for some reason: for example, network errors, content blocking, or linkrot.</li>
</ul>
<p>There are many other attributes to achieve various purposes:
<ul>
<li><a href="https://developer.mozilla.org/en-us/docs/Web/HTTP/Headers/Referrer-Policy">Referrer</a>/<a href="https://developer.mozilla.org/en-us/docs/Glossary/CORS">CORS</a> control for security and privacy: see <a href="https://developer.mozilla.org/en-us/docs/web/html/element/img#crossorigin"><code>crossorigin</code></a> and <a href="https://developer.mozilla.org/en-us/docs/web/html/element/img#referrerpolicy"><code>referrerpolicy</code></a>.</li>
<li>Use both <a href="https://developer.mozilla.org/en-us/docs/web/html/element/img#width"><code>width</code></a> and <a href="https://developer.mozilla.org/en-us/docs/web/html/element/img#height"><code>height</code></a> to set the intrinsic size of the image, allowing it to take up space before it loads, to mitigate content layout shifts.</li>
<li>Responsive image hints with <a href="https://developer.mozilla.org/en-us/docs/web/html/element/img#sizes"><code>sizes</code></a> and <a href="https://developer.mozilla.org/en-us/docs/web/html/element/img#srcset"><code>srcset</code></a> (see also the <a href="https://developer.mozilla.org/en-us/docs/Web/HTML/Element/picture"><code>&lt;picture&gt;</code></a> element and our <a href="https://developer.mozilla.org/en-us/docs/Learn/HTML/Multimedia_and_embedding/Responsive_images">Responsive images</a> tutorial).</li>
</ul></div>
<table class='sections'>
<tr><td valign='top' class='section'><p>Supported by:</td><td valign='top'>Chrome, Chrome Android, Edge, Firefox, Opera 15, Safari, Safari iOS</td></table>
<div class='content'>By <a href='https://developer.mozilla.org/en-us/docs/web/html/element/img/contributors.txt'>Mozilla Contributors</a>, <a href='https://creativecommons.org/licenses/by-sa/2.5/'>CC BY-SA 2.5</a></div>